// Jest Snapshot v1, https://goo.gl/fbAQLP

exports[`Home renders correctly 1`] = `
<div
  className="home"
>
  <div
    className="homeSearch"
  >
    <input
      onChange={[Function]}
      placeholder="Search your Crypto"
      type="text"
      value=""
    />
  </div>
  <div
    className="cryptoList"
  >
    <h3
      className="cryptoListTitle"
    >
      CRYPTO COINS CURRENT RANKING
    </h3>
    <ul
      className="cryptoListContainer"
    />
  </div>
</div>
`;
